[閰嶇疆] Debug windows...
-- Running vcpkg install
waiting to take filesystem lock on C:\vcpkgCache\vcpkg\.vcpkg-root...
waiting to take filesystem lock on C:\vcpkgCache\vcpkg\.vcpkg-root...
waiting to take filesystem lock on C:\vcpkgCache\vcpkg\.vcpkg-root...
waiting to take filesystem lock on C:\vcpkgCache\vcpkg\.vcpkg-root...
waiting to take filesystem lock on C:\vcpkgCache\vcpkg\.vcpkg-root...
waiting to take filesystem lock on C:\vcpkgCache\vcpkg\.vcpkg-root...
waiting to take filesystem lock on C:\vcpkgCache\vcpkg\.vcpkg-root...
waiting to take filesystem lock on C:\vcpkgCache\vcpkg\.vcpkg-root...
waiting to take filesystem lock on C:\vcpkgCache\vcpkg\.vcpkg-root...
waiting to take filesystem lock on C:\vcpkgCache\vcpkg\.vcpkg-root...
waiting to take filesystem lock on C:\vcpkgCache\vcpkg\.vcpkg-root...
waiting to take filesystem lock on C:\vcpkgCache\vcpkg\.vcpkg-root...
waiting to take filesystem lock on C:\vcpkgCache\vcpkg\.vcpkg-root...
waiting to take filesystem lock on C:\vcpkgCache\vcpkg\.vcpkg-root...
waiting to take filesystem lock on C:\vcpkgCache\vcpkg\.vcpkg-root...
waiting to take filesystem lock on C:\vcpkgCache\vcpkg\.vcpkg-root...
waiting to take filesystem lock on C:\vcpkgCache\vcpkg\.vcpkg-root...
waiting to take filesystem lock on C:\vcpkgCache\vcpkg\.vcpkg-root...
waiting to take filesystem lock on C:\vcpkgCache\vcpkg\.vcpkg-root...
waiting to take filesystem lock on C:\vcpkgCache\vcpkg\.vcpkg-root...
waiting to take filesystem lock on C:\vcpkgCache\vcpkg\.vcpkg-root...
waiting to take filesystem lock on C:\vcpkgCache\vcpkg\.vcpkg-root...
waiting to take filesystem lock on C:\vcpkgCache\vcpkg\.vcpkg-root...
waiting to take filesystem lock on C:\vcpkgCache\vcpkg\.vcpkg-root...
waiting to take filesystem lock on C:\vcpkgCache\vcpkg\.vcpkg-root...
waiting to take filesystem lock on C:\vcpkgCache\vcpkg\.vcpkg-root...
waiting to take filesystem lock on C:\vcpkgCache\vcpkg\.vcpkg-root...
waiting to take filesystem lock on C:\vcpkgCache\vcpkg\.vcpkg-root...
waiting to take filesystem lock on C:\vcpkgCache\vcpkg\.vcpkg-root...
waiting to take filesystem lock on C:\vcpkgCache\vcpkg\.vcpkg-root...
waiting to take filesystem lock on C:\vcpkgCache\vcpkg\.vcpkg-root...
waiting to take filesystem lock on C:\vcpkgCache\vcpkg\.vcpkg-root...
waiting to take filesystem lock on C:\vcpkgCache\vcpkg\.vcpkg-root...
waiting to take filesystem lock on C:\vcpkgCache\vcpkg\.vcpkg-root...
waiting to take filesystem lock on C:\vcpkgCache\vcpkg\.vcpkg-root...
waiting to take filesystem lock on C:\vcpkgCache\vcpkg\.vcpkg-root...
waiting to take filesystem lock on C:\vcpkgCache\vcpkg\.vcpkg-root...
waiting to take filesystem lock on C:\vcpkgCache\vcpkg\.vcpkg-root...
waiting to take filesystem lock on C:\vcpkgCache\vcpkg\.vcpkg-root...
waiting to take filesystem lock on C:\vcpkgCache\vcpkg\.vcpkg-root...
waiting to take filesystem lock on C:\vcpkgCache\vcpkg\.vcpkg-root...
waiting to take filesystem lock on C:\vcpkgCache\vcpkg\.vcpkg-root...
waiting to take filesystem lock on C:\vcpkgCache\vcpkg\.vcpkg-root...
waiting to take filesystem lock on C:\vcpkgCache\vcpkg\.vcpkg-root...
waiting to take filesystem lock on C:\vcpkgCache\vcpkg\.vcpkg-root...
waiting to take filesystem lock on C:\vcpkgCache\vcpkg\.vcpkg-root...
waiting to take filesystem lock on C:\vcpkgCache\vcpkg\.vcpkg-root...
waiting to take filesystem lock on C:\vcpkgCache\vcpkg\.vcpkg-root...
waiting to take filesystem lock on C:\vcpkgCache\vcpkg\.vcpkg-root...
waiting to take filesystem lock on C:\vcpkgCache\vcpkg\.vcpkg-root...
